// Jest Snapshot v1, https://goo.gl/fbAQLP

exports[`<App /> matches the snapshot 1`] = `
<div>
  <div
    class="App"
  >
    <div
      class="analog-clock"
    >
      <div
        class="hours"
        style="transform: rotateZ(0.5deg;"
      />
      <div
        class="minutes"
        style="transform: rotateZ(6deg;"
      />
      <div
        class="seconds"
        style="transform: rotateZ(354deg;"
      />
    </div>
    <div
      class="digital-clock"
    >
      <div
        class="zero digit"
      >
        <span
          class="d1"
        />
        <span
          class="d2"
        />
        <span
          class="d3"
        />
        <span
          class="d4"
        />
        <span
          class="d5"
        />
        <span
          class="d6"
        />
        <span
          class="d7"
        />
      </div>
      <div
        class="zero digit"
      >
        <span
          class="d1"
        />
        <span
          class="d2"
        />
        <span
          class="d3"
        />
        <span
          class="d4"
        />
        <span
          class="d5"
        />
        <span
          class="d6"
        />
        <span
          class="d7"
        />
      </div>
      <div
        class="dots"
      />
      <div
        class="zero digit"
      >
        <span
          class="d1"
        />
        <span
          class="d2"
        />
        <span
          class="d3"
        />
        <span
          class="d4"
        />
        <span
          class="d5"
        />
        <span
          class="d6"
        />
        <span
          class="d7"
        />
      </div>
      <div
        class="one digit"
      >
        <span
          class="d1"
        />
        <span
          class="d2"
        />
        <span
          class="d3"
        />
        <span
          class="d4"
        />
        <span
          class="d5"
        />
        <span
          class="d6"
        />
        <span
          class="d7"
        />
      </div>
      <div
        class="dots"
      />
      <div
        class="five digit"
      >
        <span
          class="d1"
        />
        <span
          class="d2"
        />
        <span
          class="d3"
        />
        <span
          class="d4"
        />
        <span
          class="d5"
        />
        <span
          class="d6"
        />
        <span
          class="d7"
        />
      </div>
      <div
        class="nine digit"
      >
        <span
          class="d1"
        />
        <span
          class="d2"
        />
        <span
          class="d3"
        />
        <span
          class="d4"
        />
        <span
          class="d5"
        />
        <span
          class="d6"
        />
        <span
          class="d7"
        />
      </div>
    </div>
  </div>
</div>
`;
